manifest should match snapshot with api key:
  1: |
    apiVersion: v1
    data:
      api-token: MTExLTIyMi0zMzM=
    kind: Secret
    metadata:
      labels: null
      name: steadybit-extension-jenkins
      namespace: NAMESPACE
    type: Opaque
secret should be created with apiToken even when insecureSkipVerify is enabled:
  1: |
    apiVersion: v1
    data:
      api-token: MTExLTIyMi0zMzM=
    kind: Secret
    metadata:
      labels: null
      name: steadybit-extension-jenkins
      namespace: NAMESPACE
    type: Opaque
